#-----------------------------------------------------------
# Vivado v2020.1 (64-bit)
# SW Build 2902540 on Wed May 27 19:54:49 MDT 2020
# IP Build 2902112 on Wed May 27 22:43:36 MDT 2020
# Start of session at: Mon Nov 30 11:24:29 2020
# Process ID: 2636
# Current directory: C:/Users/jblan/Documents/GitHub/Hardware-Projects/Processor2
# Command line: vivado.exe -gui_launcher_event rodinguilauncherevent20576 C:\Users\jblan\Documents\GitHub\Hardware-Projects\Processor2\Processor2.xpr
# Log file: C:/Users/jblan/Documents/GitHub/Hardware-Projects/Processor2/vivado.log
# Journal file: C:/Users/jblan/Documents/GitHub/Hardware-Projects/Processor2\vivado.jou
#-----------------------------------------------------------
start_gui
open_project C:/Users/jblan/Documents/GitHub/Hardware-Projects/Processor2/Processor2.xpr
launch_simulation
source CPU_TB.tcl
restart
run 4 ns
close_sim
launch_simulation
source CPU_TB.tcl
restart
run 4 ns
close_sim
launch_simulation
source CPU_TB.tcl
run 4 ns
close_sim
launch_simulation
source CPU_TB.tcl
run 4 ns
close_sim
launch_simulation
source CPU_TB.tcl
run 4 ns
close_sim
launch_simulation
source CPU_TB.tcl
restart
run 4 ns
run 4 ns
run 4 ns
close_sim
launch_simulation
source CPU_TB.tcl
restart
run 4 ns
run 4 ns
run 4 ns
run 4 ns
run 4 ns
close_sim
launch_simulation
source CPU_TB.tcl
restart
run 4 ns
run 4 ns
run 4 ns
run 4 ns
run 4 ns
run 4 ns
run 4 ns
run 4 ns
close_sim
launch_simulation
source CPU_TB.tcl
restart
run 4 ns
run 4 ns
run 4 ns
run 4 ns
run 4 ns
close_sim
launch_simulation
source CPU_TB.tcl
restart
run 4 ns
run 4 ns
run 4 ns
run 4 ns
run 4 ns
run 4 ns
run 4 ns
close_sim
